install completed in 0s 25ms
> hvigor UP-TO-DATE :entry:default@PreBuild...
> hvigor Finished :entry:default@CreateModuleInfo... after 1 ms
> hvigor UP-TO-DATE :entry:default@GenerateMetadata...
> hvigor Finished :entry:default@ConfigureCmake... after 1 ms
> hvigor Finished :entry:default@MergeProfile... after 2 ms
> hvigor Finished :entry:default@CreateBuildProfile... after 1 ms
> hvigor Finished :entry:default@PreCheckSyscap... after 1 ms
> hvigor UP-TO-DATE :entry:default@GeneratePkgContextInfo...
> hvigor Finished :entry:default@GeneratePkgSdkInfo... after 1 ms
> hvigor Finished :entry:default@ProcessIntegratedHsp... after 1 ms
> hvigor Finished :entry:default@BuildNativeWithCmake... after 1 ms
> hvigor UP-TO-DATE :entry:default@MakePackInfo...
> hvigor Finished :entry:default@SyscapTransform... after 7 ms
> hvigor Finished :entry:default@ProcessProfile... after 100 ms
> hvigor UP-TO-DATE :entry:default@ProcessRouterMap...
> hvigor UP-TO-DATE :entry:default@ProcessShareConfig...
> hvigor Finished :entry:default@ProcessStartupConfig... after 1 ms
> hvigor Finished :entry:default@BuildNativeWithNinja... after 1 ms
> hvigor UP-TO-DATE :entry:default@ProcessResource...
> hvigor UP-TO-DATE :entry:default@GenerateLoaderJson...
> hvigor UP-TO-DATE :entry:default@ProcessLibs...
> hvigor Finished :entry:default@CompileResource... after 147 ms
> hvigor UP-TO-DATE :entry:default@DoNativeStrip...
> hvigor Finished :entry:default@BuildJS... after 1 ms
> hvigor UP-TO-DATE :entry:default@CacheNativeLibs...
> hvigor WARN: WARN: ArkTS:WARN File: <isolated-build-copy>/entry/src/main/ets/services/AuthSessionStore.ets:33:12
 Function may throw exceptions. Special handling is required.

WARN: ArkTS:WARN File: <isolated-build-copy>/entry/src/main/ets/services/AuthSessionStore.ets:39:5
 Function may throw exceptions. Special handling is required.

WARN: ArkTS:WARN File: <isolated-build-copy>/entry/src/main/ets/services/AuthSessionStore.ets:40:5
 Function may throw exceptions. Special handling is required.

WARN: ArkTS:WARN File: <isolated-build-copy>/entry/src/main/ets/services/AuthSessionStore.ets:51:34
 Function may throw exceptions. Special handling is required.

WARN: ArkTS:WARN File: <isolated-build-copy>/entry/src/main/ets/services/AuthSessionStore.ets:65:62
 'decodeWithStream' has been deprecated.

WARN: ArkTS:WARN File: <isolated-build-copy>/entry/src/main/ets/services/AuthSessionStore.ets:95:5
 Function may throw exceptions. Special handling is required.

WARN: ArkTS:WARN File: <isolated-build-copy>/entry/src/main/ets/entryability/EntryAbility.ets:142:20
 Function may throw exceptions. Special handling is required.

WARN: ArkTS:WARN File: <isolated-build-copy>/entry/src/main/ets/entryability/EntryAbility.ets:143:20
 Function may throw exceptions. Special handling is required.

WARN: ArkTS:WARN File: <isolated-build-copy>/entry/src/main/ets/entryability/EntryAbility.ets:144:24
 Function may throw exceptions. Special handling is required.

WARN: ArkTS:WARN File: <isolated-build-copy>/entry/src/main/ets/components/common/AIContentNotice.ets:7:19
 'show' has been deprecated.

WARN: ArkTS:WARN File: <isolated-build-copy>/entry/src/main/ets/services/ImagePickerService.ets:47:45
 'PhotoSelectOptions' has been deprecated.

WARN: ArkTS:WARN File: <isolated-build-copy>/entry/src/main/ets/services/ImagePickerService.ets:48:26
 'MIMEType' has been deprecated.

WARN: ArkTS:WARN File: <isolated-build-copy>/entry/src/main/ets/services/ImagePickerService.ets:48:44
 'PhotoViewMIMETypes' has been deprecated.

WARN: ArkTS:WARN File: <isolated-build-copy>/entry/src/main/ets/services/ImagePickerService.ets:48:63
 'IMAGE_TYPE' has been deprecated.

WARN: ArkTS:WARN File: <isolated-build-copy>/entry/src/main/ets/services/ImagePickerService.ets:49:26
 'maxSelectNumber' has been deprecated.

WARN: ArkTS:WARN File: <isolated-build-copy>/entry/src/main/ets/services/ImagePickerService.ets:51:38
 'PhotoViewPicker' has been deprecated.

WARN: ArkTS:WARN File: <isolated-build-copy>/entry/src/main/ets/services/ImagePickerService.ets:54:46
 'select' has been deprecated.

WARN: ArkTS:WARN File: <isolated-build-copy>/entry/src/main/ets/services/ImagePickerService.ets:56:40
 'photoUris' has been deprecated.

WARN: ArkTS:WARN File: <isolated-build-copy>/entry/src/main/ets/services/ImagePickerService.ets:56:66
 'photoUris' has been deprecated.

WARN: ArkTS:WARN File: <isolated-build-copy>/entry/src/main/ets/services/ImagePickerService.ets:57:39
 'photoUris' has been deprecated.

WARN: ArkTS:WARN File: <isolated-build-copy>/entry/src/main/ets/pages/SkinStatusView.ets:86:17
 'show' has been deprecated.

WARN: ArkTS:WARN File: <isolated-build-copy>/entry/src/main/ets/pages/SkinStatusView.ets:106:17
 'show' has been deprecated.

WARN: ArkTS:WARN File: <isolated-build-copy>/entry/src/main/ets/pages/HomeView.ets:92:17
 'show' has been deprecated.

WARN: ArkTS:WARN File: <isolated-build-copy>/entry/src/main/ets/pages/HomeView.ets:116:42
 'show' has been deprecated.

WARN: ArkTS:WARN File: <isolated-build-copy>/entry/src/main/ets/components/product/AddProduct.ets:25:93
 'show' has been deprecated.

WARN: ArkTS:WARN File: <isolated-build-copy>/entry/src/main/ets/components/product/ProductUploadModal.ets:97:17
 'show' has been deprecated.

WARN: ArkTS:WARN File: <isolated-build-copy>/entry/src/main/ets/pages/ProductView.ets:233:21
 'show' has been deprecated.

WARN: ArkTS:WARN File: <isolated-build-copy>/entry/src/main/ets/pages/ProductView.ets:238:19
 'show' has been deprecated.

WARN: ArkTS:WARN File: <isolated-build-copy>/entry/src/main/ets/pages/ProductView.ets:244:17
 'show' has been deprecated.

WARN: ArkTS:WARN File: <isolated-build-copy>/entry/src/main/ets/pages/ProductView.ets:286:21
 'show' has been deprecated.

WARN: ArkTS:WARN File: <isolated-build-copy>/entry/src/main/ets/pages/ProductView.ets:292:19
 'show' has been deprecated.

WARN: ArkTS:WARN File: <isolated-build-copy>/entry/src/main/ets/components/product/TagSelector.ets:38:12
 'onChange' has been deprecated.

WARN: ArkTS:WARN File: <isolated-build-copy>/entry/src/main/ets/pages/IngredientView.ets:205:17
 'show' has been deprecated.


> hvigor Finished :entry:default@CompileArkTS... after 1 s 889 ms
> hvigor Finished :entry:default@GeneratePkgModuleJson... after 1 ms
> hvigor Finished :entry:default@ProcessCompiledResources... after 1 ms
> hvigor Finished :entry:default@PackageHap... after 214 ms
> hvigor Finished :entry:default@PackingCheck... after 4 ms
> hvigor WARN: No signingConfig found for product default
> hvigor Finished :entry:default@SignHap... after 1 ms
> hvigor Finished :entry:default@CollectDebugSymbol... after 1 ms
> hvigor Finished :entry:assembleHap... after 1 ms
> hvigor BUILD SUCCESSFUL in 4 s 116 ms
